[ 1893807ms] [ERROR] Failed to load resource: the server responded with a status of 404 (Not Found) @ http://localhost:6006/src/theme/Provider.tsx?t=1789467750205:0
[ 1893817ms] [ERROR] [vite] Failed to reload /.storybook/preview.ts. This could be due to syntax errors or importing non-existent modules. (see errors above) @ http://localhost:6006/@vite/client:935
[ 1895776ms] [ERROR] TypeError: Failed to fetch dynamically imported module: http://localhost:6006/src/components/Accordion/index.stories.tsx?t=1789467750205 @ http://localhost:6006/node_modules/.cache/storybook/10.5.10/3a0f0e65a556ab0641304b74e66ac2ccc585ee8a9cce6166a8ed117aff60b0b5/sb-vite/deps/storybook_internal_preview_runtime.js?v=f188f755:12649
[ 1895795ms] [ERROR] TypeError: Failed to fetch dynamically imported module: http://localhost:6006/src/components/Accordion/index.stories.tsx?t=1789467750205 @ http://localhost:6006/node_modules/.cache/storybook/10.5.10/3a0f0e65a556ab0641304b74e66ac2ccc585ee8a9cce6166a8ed117aff60b0b5/sb-vite/deps/storybook_internal_preview_runtime.js?v=f188f755:12649
[ 1895795ms] [ERROR] TypeError: Failed to fetch dynamically imported module: http://localhost:6006/src/components/Accordion/index.stories.tsx?t=1789467750205 @ http://localhost:6006/node_modules/.cache/storybook/10.5.10/3a0f0e65a556ab0641304b74e66ac2ccc585ee8a9cce6166a8ed117aff60b0b5/sb-vite/deps/storybook_internal_preview_runtime.js?v=f188f755:12649
[ 1896083ms] [ERROR] [vite] Failed to reload /.storybook/preview.ts. This could be due to syntax errors or importing non-existent modules. (see errors above) @ http://localhost:6006/@vite/client:935
[ 1896084ms] [ERROR] Failed to load resource: the server responded with a status of 404 (Not Found) @ http://localhost:6006/src/components/Spotlight/index.tsx:0
[ 1896380ms] [ERROR] TypeError: Failed to fetch dynamically imported module: http://localhost:6006/src/components/Accordion/index.stories.tsx?t=1789467750205 @ http://localhost:6006/node_modules/.cache/storybook/10.5.10/3a0f0e65a556ab0641304b74e66ac2ccc585ee8a9cce6166a8ed117aff60b0b5/sb-vite/deps/storybook_internal_preview_runtime.js?v=f188f755:12649
[ 1896380ms] [ERROR] TypeError: Failed to fetch dynamically imported module: http://localhost:6006/src/components/Accordion/index.stories.tsx?t=1789467750205 @ http://localhost:6006/node_modules/.cache/storybook/10.5.10/3a0f0e65a556ab0641304b74e66ac2ccc585ee8a9cce6166a8ed117aff60b0b5/sb-vite/deps/storybook_internal_preview_runtime.js?v=f188f755:12649
[ 1896498ms] [ERROR] TypeError: Failed to fetch dynamically imported module: http://localhost:6006/src/components/Accordion/index.stories.tsx?t=1789467750205 @ http://localhost:6006/node_modules/.cache/storybook/10.5.10/3a0f0e65a556ab0641304b74e66ac2ccc585ee8a9cce6166a8ed117aff60b0b5/sb-vite/deps/storybook_internal_preview_runtime.js?v=f188f755:12649
[ 2777990ms] [ERROR] Failed to load resource: the server responded with a status of 404 (Not Found) @ http://localhost:6006/@id/__x00__virtual:/@storybook/builder-vite/storybook-stories.js?t=1789468624603:0
[ 2778012ms] [ERROR] [vite] Failed to reload /@id/__x00__virtual:/@storybook/builder-vite/storybook-stories.js. This could be due to syntax errors or importing non-existent modules. (see errors above) @ http://localhost:6006/@vite/client:935
[ 2778448ms] TypeError: Cannot read properties of undefined (reading 'importFn')
    at http://localhost:6006/@id/__x00__virtual:/@storybook/builder-vite/vite-app.js:22:73
    at http://localhost:6006/@vite/client:62:83
    at http://localhost:6006/@vite/client:217:52
    at http://localhost:6006/@vite/client:195:55
    at Array.forEach (<anonymous>)
    at HMRClient.queueUpdate (http://localhost:6006/@vite/client:195:33)
    at async Promise.all (index 0)
    at async handleMessage (http://localhost:6006/@vite/client:976:4)
[ 2780744ms] [ERROR] Failed to load resource: the server responded with a status of 404 (Not Found) @ http://localhost:6006/@id/__x00__virtual:/@storybook/builder-vite/storybook-stories.js?t=1789468624605:0
[ 2780745ms] [ERROR] [vite] Failed to reload /@id/__x00__virtual:/@storybook/builder-vite/storybook-stories.js. This could be due to syntax errors or importing non-existent modules. (see errors above) @ http://localhost:6006/@vite/client:935
[ 2780749ms] TypeError: Cannot read properties of undefined (reading 'importFn')
    at http://localhost:6006/@id/__x00__virtual:/@storybook/builder-vite/vite-app.js:22:73
    at http://localhost:6006/@vite/client:62:83
    at http://localhost:6006/@vite/client:217:52
    at http://localhost:6006/@vite/client:195:55
    at Array.forEach (<anonymous>)
    at HMRClient.queueUpdate (http://localhost:6006/@vite/client:195:33)
    at async Promise.all (index 0)
    at async handleMessage (http://localhost:6006/@vite/client:976:4)
[ 2781000ms] [ERROR] %c manager %c received %cdocsRendered%c but was unable to determine the source of the event color: #37D5D3; background: black  color: #FF4785  @ http://localhost:6006/sb-manager/globals-runtime.js:125
[ 2782600ms] [ERROR] Failed to load resource: the server responded with a status of 404 (Not Found) @ http://localhost:6006/@id/__x00__virtual:/@storybook/builder-vite/storybook-stories.js:0
[ 4649531ms] [LOG] [vite] server connection lost. Polling for restart... @ http://localhost:6006/@vite/client:1002
[ 4652193ms] [ERROR] Failed to load resource: the server responded with a status of 404 (Not Found) @ http://localhost:6006/@id/__x00__virtual:/@storybook/builder-vite/storybook-stories.js:0
[15984204ms] [ERROR] Failed to load resource: the server responded with a status of 404 (Not Found) @ http://localhost:6006/@id/__x00__virtual:/@storybook/builder-vite/storybook-stories.js?t=1789481830743:0
[15984223ms] [ERROR] [vite] Failed to reload /@id/__x00__virtual:/@storybook/builder-vite/storybook-stories.js. This could be due to syntax errors or importing non-existent modules. (see errors above) @ http://localhost:6006/@vite/client:935
[15987164ms] TypeError: Cannot read properties of undefined (reading 'importFn')
    at http://localhost:6006/@id/__x00__virtual:/@storybook/builder-vite/vite-app.js:22:73
    at http://localhost:6006/@vite/client:62:83
    at http://localhost:6006/@vite/client:217:52
    at http://localhost:6006/@vite/client:195:55
    at Array.forEach (<anonymous>)
    at HMRClient.queueUpdate (http://localhost:6006/@vite/client:195:33)
    at async Promise.all (index 0)
    at async handleMessage (http://localhost:6006/@vite/client:976:4)
[15989407ms] [ERROR] Failed to load resource: the server responded with a status of 404 (Not Found) @ http://localhost:6006/@id/__x00__virtual:/@storybook/builder-vite/storybook-stories.js?t=1789481830756:0
[15989407ms] [ERROR] [vite] Failed to reload /@id/__x00__virtual:/@storybook/builder-vite/storybook-stories.js. This could be due to syntax errors or importing non-existent modules. (see errors above) @ http://localhost:6006/@vite/client:935
[15989434ms] TypeError: Cannot read properties of undefined (reading 'importFn')
    at http://localhost:6006/@id/__x00__virtual:/@storybook/builder-vite/vite-app.js:22:73
    at http://localhost:6006/@vite/client:62:83
    at http://localhost:6006/@vite/client:217:52
    at http://localhost:6006/@vite/client:195:55
    at Array.forEach (<anonymous>)
    at HMRClient.queueUpdate (http://localhost:6006/@vite/client:195:33)
    at async Promise.all (index 0)
    at async handleMessage (http://localhost:6006/@vite/client:976:4)
[15991206ms] [ERROR] Failed to load resource: the server responded with a status of 404 (Not Found) @ http://localhost:6006/@id/__x00__virtual:/@storybook/builder-vite/storybook-stories.js?t=1789472840041:0
[20419672ms] [ERROR] %c manager %c received %cstoryRenderPhaseChanged%c but was unable to determine the source of the event color: #37D5D3; background: black  color: #FF4785  @ http://localhost:6006/sb-manager/globals-runtime.js:125
[20419672ms] [ERROR] %c manager %c received %cstorybook/instrumenter/call%c but was unable to determine the source of the event color: #37D5D3; background: black  color: #FFAE00  @ http://localhost:6006/sb-manager/globals-runtime.js:125
[20419672ms] [ERROR] %c manager %c received %cstoryRenderPhaseChanged%c but was unable to determine the source of the event color: #37D5D3; background: black  color: #FF4785  @ http://localhost:6006/sb-manager/globals-runtime.js:125
[20419673ms] [ERROR] %c manager %c received %cstorybook/instrumenter/call%c but was unable to determine the source of the event color: #37D5D3; background: black  color: #FFAE00  @ http://localhost:6006/sb-manager/globals-runtime.js:125
[20419673ms] [ERROR] %c manager %c received %cstoryRenderPhaseChanged%c but was unable to determine the source of the event color: #37D5D3; background: black  color: #FF4785  @ http://localhost:6006/sb-manager/globals-runtime.js:125
[20419673ms] [ERROR] %c manager %c received %cstorybook/instrumenter/call%c but was unable to determine the source of the event color: #37D5D3; background: black  color: #FFAE00  @ http://localhost:6006/sb-manager/globals-runtime.js:125
[20419673ms] [ERROR] %c manager %c received %cstoryRenderPhaseChanged%c but was unable to determine the source of the event color: #37D5D3; background: black  color: #FF4785  @ http://localhost:6006/sb-manager/globals-runtime.js:125
[20419674ms] [ERROR] %c manager %c received %cstorybook/instrumenter/call%c but was unable to determine the source of the event color: #37D5D3; background: black  color: #FFAE00  @ http://localhost:6006/sb-manager/globals-runtime.js:125
[20419674ms] [ERROR] %c manager %c received %cstoryRenderPhaseChanged%c but was unable to determine the source of the event color: #37D5D3; background: black  color: #FF4785  @ http://localhost:6006/sb-manager/globals-runtime.js:125
[20419676ms] [ERROR] %c manager %c received %cstorybook/instrumenter/call%c but was unable to determine the source of the event color: #37D5D3; background: black  color: #FFAE00  @ http://localhost:6006/sb-manager/globals-runtime.js:125
[20419676ms] [ERROR] %c manager %c received %cstoryRenderPhaseChanged%c but was unable to determine the source of the event color: #37D5D3; background: black  color: #FF4785  @ http://localhost:6006/sb-manager/globals-runtime.js:125
[20419676ms] [ERROR] %c manager %c received %cstorybook/instrumenter/call%c but was unable to determine the source of the event color: #37D5D3; background: black  color: #FFAE00  @ http://localhost:6006/sb-manager/globals-runtime.js:125
[20419676ms] [ERROR] %c manager %c received %cstoryRenderPhaseChanged%c but was unable to determine the source of the event color: #37D5D3; background: black  color: #FF4785  @ http://localhost:6006/sb-manager/globals-runtime.js:125
[20419676ms] [ERROR] %c manager %c received %cstoryRenderPhaseChanged%c but was unable to determine the source of the event color: #37D5D3; background: black  color: #FF4785  @ http://localhost:6006/sb-manager/globals-runtime.js:125
[20419676ms] [ERROR] %c manager %c received %cstoryRenderPhaseChanged%c but was unable to determine the source of the event color: #37D5D3; background: black  color: #FF4785  @ http://localhost:6006/sb-manager/globals-runtime.js:125
[20419676ms] [ERROR] %c manager %c received %cstoryRenderPhaseChanged%c but was unable to determine the source of the event color: #37D5D3; background: black  color: #FF4785  @ http://localhost:6006/sb-manager/globals-runtime.js:125
[20419676ms] [ERROR] %c manager %c received %cstoryRenderPhaseChanged%c but was unable to determine the source of the event color: #37D5D3; background: black  color: #FF4785  @ http://localhost:6006/sb-manager/globals-runtime.js:125
[20419676ms] [ERROR] %c manager %c received %cstoryRenderPhaseChanged%c but was unable to determine the source of the event color: #37D5D3; background: black  color: #FF4785  @ http://localhost:6006/sb-manager/globals-runtime.js:125
[20419676ms] [ERROR] %c manager %c received %cstoryRenderPhaseChanged%c but was unable to determine the source of the event color: #37D5D3; background: black  color: #FF4785  @ http://localhost:6006/sb-manager/globals-runtime.js:125
[20419676ms] [ERROR] %c manager %c received %cstoryRenderPhaseChanged%c but was unable to determine the source of the event color: #37D5D3; background: black  color: #FF4785  @ http://localhost:6006/sb-manager/globals-runtime.js:125
[20419676ms] [ERROR] %c manager %c received %cstoryRenderPhaseChanged%c but was unable to determine the source of the event color: #37D5D3; background: black  color: #FF4785  @ http://localhost:6006/sb-manager/globals-runtime.js:125
[20419676ms] [ERROR] %c manager %c received %cstoryRendered%c but was unable to determine the source of the event color: #37D5D3; background: black  color: #FF4785  @ http://localhost:6006/sb-manager/globals-runtime.js:125
[20419676ms] [ERROR] %c manager %c received %cstoryRenderPhaseChanged%c but was unable to determine the source of the event color: #37D5D3; background: black  color: #FF4785  @ http://localhost:6006/sb-manager/globals-runtime.js:125
[20419677ms] [ERROR] %c manager %c received %cstoryRenderPhaseChanged%c but was unable to determine the source of the event color: #37D5D3; background: black  color: #FF4785  @ http://localhost:6006/sb-manager/globals-runtime.js:125
[20419677ms] [ERROR] %c manager %c received %cstoryRenderPhaseChanged%c but was unable to determine the source of the event color: #37D5D3; background: black  color: #FF4785  @ http://localhost:6006/sb-manager/globals-runtime.js:125
[20419677ms] [ERROR] %c manager %c received %cstoryRenderPhaseChanged%c but was unable to determine the source of the event color: #37D5D3; background: black  color: #FF4785  @ http://localhost:6006/sb-manager/globals-runtime.js:125
[20419677ms] [ERROR] %c manager %c received %cstoryFinished%c but was unable to determine the source of the event color: #37D5D3; background: black  color: #FF4785  @ http://localhost:6006/sb-manager/globals-runtime.js:125
[20419678ms] [ERROR] %c manager %c received %cstoryHotUpdated%c but was unable to determine the source of the event color: #37D5D3; background: black  color: #FF4785  @ http://localhost:6006/sb-manager/globals-runtime.js:125
[20419678ms] [ERROR] %c manager %c received %cstoryRenderPhaseChanged%c but was unable to determine the source of the event color: #37D5D3; background: black  color: #FF4785  @ http://localhost:6006/sb-manager/globals-runtime.js:125
[20419678ms] [ERROR] %c manager %c received %cstoryRenderPhaseChanged%c but was unable to determine the source of the event color: #37D5D3; background: black  color: #FF4785  @ http://localhost:6006/sb-manager/globals-runtime.js:125
[20419678ms] [ERROR] %c manager %c received %cstoryRendered%c but was unable to determine the source of the event color: #37D5D3; background: black  color: #FF4785  @ http://localhost:6006/sb-manager/globals-runtime.js:125
[20419679ms] [ERROR] %c manager %c received %cstoryRenderPhaseChanged%c but was unable to determine the source of the event color: #37D5D3; background: black  color: #FF4785  @ http://localhost:6006/sb-manager/globals-runtime.js:125
[20419679ms] [ERROR] %c manager %c received %cstoryRenderPhaseChanged%c but was unable to determine the source of the event color: #37D5D3; background: black  color: #FF4785  @ http://localhost:6006/sb-manager/globals-runtime.js:125
[20419679ms] [ERROR] %c manager %c received %cstoryRenderPhaseChanged%c but was unable to determine the source of the event color: #37D5D3; background: black  color: #FF4785  @ http://localhost:6006/sb-manager/globals-runtime.js:125
[20419679ms] [ERROR] %c manager %c received %cstoryRenderPhaseChanged%c but was unable to determine the source of the event color: #37D5D3; background: black  color: #FF4785  @ http://localhost:6006/sb-manager/globals-runtime.js:125
[20419679ms] [ERROR] %c manager %c received %cstoryFinished%c but was unable to determine the source of the event color: #37D5D3; background: black  color: #FF4785  @ http://localhost:6006/sb-manager/globals-runtime.js:125
[24251042ms] [LOG] [vite] server connection lost. Polling for restart... @ http://localhost:6006/@vite/client:1002
[39441085ms] [LOG] [vite] server connection lost. Polling for restart... @ http://localhost:6006/@vite/client:1002
[89982615ms] [ERROR] %c manager %c received %cstoryRenderPhaseChanged%c but was unable to determine the source of the event color: #37D5D3; background: black  color: #FF4785  @ http://localhost:6006/sb-manager/globals-runtime.js:125
[89982615ms] [ERROR] %c manager %c received %cstoryRendered%c but was unable to determine the source of the event color: #37D5D3; background: black  color: #FF4785  @ http://localhost:6006/sb-manager/globals-runtime.js:125
[89982616ms] [ERROR] %c manager %c received %cstorybook/docs/snippet-rendered%c but was unable to determine the source of the event color: #37D5D3; background: black  color: #FFAE00  @ http://localhost:6006/sb-manager/globals-runtime.js:125
[89982616ms] [ERROR] %c manager %c received %cstoryRenderPhaseChanged%c but was unable to determine the source of the event color: #37D5D3; background: black  color: #FF4785  @ http://localhost:6006/sb-manager/globals-runtime.js:125
[89982616ms] [ERROR] %c manager %c received %cstoryRenderPhaseChanged%c but was unable to determine the source of the event color: #37D5D3; background: black  color: #FF4785  @ http://localhost:6006/sb-manager/globals-runtime.js:125
[89982616ms] [ERROR] %c manager %c received %cstoryFinished%c but was unable to determine the source of the event color: #37D5D3; background: black  color: #FF4785  @ http://localhost:6006/sb-manager/globals-runtime.js:125
[89982618ms] [ERROR] %c manager %c received %cstorybook/instrumenter/sync%c but was unable to determine the source of the event color: #37D5D3; background: black  color: #FFAE00  @ http://localhost:6006/sb-manager/globals-runtime.js:125
[89982618ms] [ERROR] %c manager %c received %cstoryRenderPhaseChanged%c but was unable to determine the source of the event color: #37D5D3; background: black  color: #FF4785  @ http://localhost:6006/sb-manager/globals-runtime.js:125
[89982618ms] [ERROR] %c manager %c received %cstoryRendered%c but was unable to determine the source of the event color: #37D5D3; background: black  color: #FF4785  @ http://localhost:6006/sb-manager/globals-runtime.js:125
[89982618ms] [ERROR] %c manager %c received %cstorybook/docs/snippet-rendered%c but was unable to determine the source of the event color: #37D5D3; background: black  color: #FFAE00  @ http://localhost:6006/sb-manager/globals-runtime.js:125
[89982618ms] [ERROR] %c manager %c received %cstoryRenderPhaseChanged%c but was unable to determine the source of the event color: #37D5D3; background: black  color: #FF4785  @ http://localhost:6006/sb-manager/globals-runtime.js:125
[89982618ms] [ERROR] %c manager %c received %cstoryRenderPhaseChanged%c but was unable to determine the source of the event color: #37D5D3; background: black  color: #FF4785  @ http://localhost:6006/sb-manager/globals-runtime.js:125
[89982618ms] [ERROR] %c manager %c received %cstoryFinished%c but was unable to determine the source of the event color: #37D5D3; background: black  color: #FF4785  @ http://localhost:6006/sb-manager/globals-runtime.js:125
[89982618ms] [ERROR] %c manager %c received %cstorybook/instrumenter/sync%c but was unable to determine the source of the event color: #37D5D3; background: black  color: #FFAE00  @ http://localhost:6006/sb-manager/globals-runtime.js:125
[89982618ms] [ERROR] %c manager %c received %cstoryRenderPhaseChanged%c but was unable to determine the source of the event color: #37D5D3; background: black  color: #FF4785  @ http://localhost:6006/sb-manager/globals-runtime.js:125
[89982618ms] [ERROR] %c manager %c received %cstoryRendered%c but was unable to determine the source of the event color: #37D5D3; background: black  color: #FF4785  @ http://localhost:6006/sb-manager/globals-runtime.js:125
[89982618ms] [ERROR] %c manager %c received %cstorybook/docs/snippet-rendered%c but was unable to determine the source of the event color: #37D5D3; background: black  color: #FFAE00  @ http://localhost:6006/sb-manager/globals-runtime.js:125
[89982618ms] [ERROR] %c manager %c received %cstoryRenderPhaseChanged%c but was unable to determine the source of the event color: #37D5D3; background: black  color: #FF4785  @ http://localhost:6006/sb-manager/globals-runtime.js:125
[89982619ms] [ERROR] %c manager %c received %cstoryRenderPhaseChanged%c but was unable to determine the source of the event color: #37D5D3; background: black  color: #FF4785  @ http://localhost:6006/sb-manager/globals-runtime.js:125
[89982619ms] [ERROR] %c manager %c received %cstoryFinished%c but was unable to determine the source of the event color: #37D5D3; background: black  color: #FF4785  @ http://localhost:6006/sb-manager/globals-runtime.js:125
[92324017ms] [LOG] [vite] server connection lost. Polling for restart... @ http://localhost:6006/@vite/client:1002
[110334513ms] [LOG] [vite] server connection lost. Polling for restart... @ http://localhost:6006/@vite/client:1002
[110345767ms] [LOG] [vite] server connection lost. Polling for restart... @ http://localhost:6006/@vite/client:1002
[169777282ms] [LOG] [vite] server connection lost. Polling for restart... @ http://localhost:6006/@vite/client:1002
