[    1160ms] [INFO] %cDownload the React DevTools for a better development experience: https://react.dev/link/react-devtools font-weight:bold @ http://localhost:3000/_next/static/chunks/0v5i_next_dist_03132ov._.js:2477
[    1405ms] [LOG] [HMR] connected @ http://localhost:3000/_next/static/chunks/0v5i_next_dist_03132ov._.js:2477
[    4012ms] [WARNING] Image with src "https://upload.wikimedia.org/wikipedia/commons/thumb/9/94/Mausoleo_di_Santa_Costanza_-_esterno.jpg/960px-Mausoleo_di_Santa_Costanza_-_esterno.jpg" was detected as the Largest Contentful Paint (LCP). Please add the `loading="eager"` property if this image is above the fold.
Read more: https://nextjs.org/docs/app/api-reference/components/image#loading @ http://localhost:3000/_next/static/chunks/0v5i_next_dist_03132ov._.js:2477
[   62859ms] [LOG] [Fast Refresh] rebuilding @ http://localhost:3000/_next/static/chunks/0v5i_next_dist_03132ov._.js:2477
[   62886ms] [LOG] [Fast Refresh] done in 126ms @ http://localhost:3000/_next/static/chunks/0v5i_next_dist_03132ov._.js:2477
[   77683ms] [ERROR] Failed to load resource: the server responded with a status of 500 (Internal Server Error) @ http://localhost:3000/admin:0
[  173823ms] [LOG] [Fast Refresh] rebuilding @ http://localhost:3000/_next/static/chunks/0v5i_next_dist_03132ov._.js:2477
[  173940ms] [LOG] [Fast Refresh] done in 169ms @ http://localhost:3000/_next/static/chunks/0v5i_next_dist_03132ov._.js:2477
[  174974ms] [LOG] [Fast Refresh] rebuilding @ http://localhost:3000/_next/static/chunks/0v5i_next_dist_03132ov._.js:2477
[  174976ms] [LOG] [Fast Refresh] done in 102ms @ http://localhost:3000/_next/static/chunks/0v5i_next_dist_03132ov._.js:2477
[  175895ms] [LOG] [Fast Refresh] rebuilding @ http://localhost:3000/_next/static/chunks/0v5i_next_dist_03132ov._.js:2477
[  175912ms] [LOG] [Fast Refresh] done in 117ms @ http://localhost:3000/_next/static/chunks/0v5i_next_dist_03132ov._.js:2477
[  266528ms] [ERROR] Failed to load resource: the server responded with a status of 500 (Internal Server Error) @ http://localhost:3000/admin:0
[  278470ms] [LOG] [Fast Refresh] rebuilding @ http://localhost:3000/_next/static/chunks/0v5i_next_dist_03132ov._.js:2477
[  278525ms] [LOG] [Fast Refresh] done in 125ms @ http://localhost:3000/_next/static/chunks/0v5i_next_dist_03132ov._.js:2477
[  278626ms] [LOG] [Fast Refresh] rebuilding @ http://localhost:3000/_next/static/chunks/0v5i_next_dist_03132ov._.js:2477
[  278780ms] [LOG] [Fast Refresh] done in 253ms @ http://localhost:3000/_next/static/chunks/0v5i_next_dist_03132ov._.js:2477
[  318365ms] [ERROR] Failed to load resource: the server responded with a status of 500 (Internal Server Error) @ http://localhost:3000/admin:0
[  352040ms] [LOG] [Fast Refresh] rebuilding @ http://localhost:3000/_next/static/chunks/0v5i_next_dist_03132ov._.js:2477
[  352284ms] [LOG] [Fast Refresh] done in 85ms @ http://localhost:3000/_next/static/chunks/0v5i_next_dist_03132ov._.js:2477
[  352511ms] [LOG] [Fast Refresh] rebuilding @ http://localhost:3000/_next/static/chunks/0v5i_next_dist_03132ov._.js:2477
[  352518ms] [LOG] [Fast Refresh] done in 109ms @ http://localhost:3000/_next/static/chunks/0v5i_next_dist_03132ov._.js:2477
[  382242ms] [LOG] [Fast Refresh] rebuilding @ http://localhost:3000/_next/static/chunks/0v5i_next_dist_03132ov._.js:2477
[  382303ms] [LOG] [Fast Refresh] done in 82ms @ http://localhost:3000/_next/static/chunks/0v5i_next_dist_03132ov._.js:2477
[  382404ms] [LOG] [Fast Refresh] rebuilding @ http://localhost:3000/_next/static/chunks/0v5i_next_dist_03132ov._.js:2477
[  382557ms] [LOG] [Fast Refresh] done in 255ms @ http://localhost:3000/_next/static/chunks/0v5i_next_dist_03132ov._.js:2477
[  382987ms] [LOG] [Fast Refresh] rebuilding @ http://localhost:3000/_next/static/chunks/0v5i_next_dist_03132ov._.js:2477
[  383037ms] [LOG] [Fast Refresh] done in 154ms @ http://localhost:3000/_next/static/chunks/0v5i_next_dist_03132ov._.js:2477
[  437511ms] [ERROR] Failed to load resource: the server responded with a status of 500 (Internal Server Error) @ http://localhost:3000/admin:0
[  477844ms] [LOG] [Fast Refresh] rebuilding @ http://localhost:3000/_next/static/chunks/0v5i_next_dist_03132ov._.js:2477
[  477891ms] [LOG] [Fast Refresh] done in 99ms @ http://localhost:3000/_next/static/chunks/0v5i_next_dist_03132ov._.js:2477
[  477999ms] [LOG] [Fast Refresh] rebuilding @ http://localhost:3000/_next/static/chunks/0v5i_next_dist_03132ov._.js:2477
[  478203ms] [LOG] [Fast Refresh] done in 306ms @ http://localhost:3000/_next/static/chunks/0v5i_next_dist_03132ov._.js:2477
[  488509ms] [LOG] [Fast Refresh] rebuilding @ http://localhost:3000/_next/static/chunks/0v5i_next_dist_03132ov._.js:2477
[  488657ms] [LOG] [Fast Refresh] done in 25ms @ http://localhost:3000/_next/static/chunks/0v5i_next_dist_03132ov._.js:2477
[  539127ms] [ERROR] Failed to load resource: the server responded with a status of 500 (Internal Server Error) @ http://localhost:3000/admin:0
[  564924ms] [LOG] [Fast Refresh] rebuilding @ http://localhost:3000/_next/static/chunks/0v5i_next_dist_03132ov._.js:2477
[  565175ms] [LOG] [Fast Refresh] done in 34ms @ http://localhost:3000/_next/static/chunks/0v5i_next_dist_03132ov._.js:2477
[  565291ms] [LOG] [Fast Refresh] rebuilding @ http://localhost:3000/_next/static/chunks/0v5i_next_dist_03132ov._.js:2477
[  565353ms] [LOG] [Fast Refresh] done in 162ms @ http://localhost:3000/_next/static/chunks/0v5i_next_dist_03132ov._.js:2477
[ 1566530ms] [LOG] [HMR] connected @ http://localhost:3000/_next/static/chunks/0v5i_next_dist_03132ov._.js:2477
[27890603ms] [ERROR] WebSocket connection to 'ws://localhost:3000/_next/webpack-hmr?id=4LjDXvcjP5mD12bdKPOME' failed: Error in connection establishment: net::ERR_CONNECTION_REFUSED @ http://localhost:3000/_next/static/chunks/0v5i_next_dist_client_0ro~sdh._.js:13322
[27891609ms] [ERROR] WebSocket connection to 'ws://localhost:3000/_next/webpack-hmr?id=4LjDXvcjP5mD12bdKPOME' failed: Error in connection establishment: net::ERR_CONNECTION_REFUSED @ http://localhost:3000/_next/static/chunks/0v5i_next_dist_client_0ro~sdh._.js:13322
[27892611ms] [ERROR] WebSocket connection to 'ws://localhost:3000/_next/webpack-hmr?id=4LjDXvcjP5mD12bdKPOME' failed: Error in connection establishment: net::ERR_CONNECTION_REFUSED @ http://localhost:3000/_next/static/chunks/0v5i_next_dist_client_0ro~sdh._.js:13322
[27893615ms] [ERROR] WebSocket connection to 'ws://localhost:3000/_next/webpack-hmr?id=4LjDXvcjP5mD12bdKPOME' failed: Error in connection establishment: net::ERR_CONNECTION_REFUSED @ http://localhost:3000/_next/static/chunks/0v5i_next_dist_client_0ro~sdh._.js:13322
[27894619ms] [ERROR] WebSocket connection to 'ws://localhost:3000/_next/webpack-hmr?id=4LjDXvcjP5mD12bdKPOME' failed: Error in connection establishment: net::ERR_CONNECTION_REFUSED @ http://localhost:3000/_next/static/chunks/0v5i_next_dist_client_0ro~sdh._.js:13322
[27899633ms] [ERROR] WebSocket connection to 'ws://localhost:3000/_next/webpack-hmr?id=4LjDXvcjP5mD12bdKPOME' failed: Error in connection establishment: net::ERR_CONNECTION_REFUSED @ http://localhost:3000/_next/static/chunks/0v5i_next_dist_client_0ro~sdh._.js:13322
[27904644ms] [ERROR] WebSocket connection to 'ws://localhost:3000/_next/webpack-hmr?id=4LjDXvcjP5mD12bdKPOME' failed: Error in connection establishment: net::ERR_CONNECTION_REFUSED @ http://localhost:3000/_next/static/chunks/0v5i_next_dist_client_0ro~sdh._.js:13322
[27909660ms] [ERROR] WebSocket connection to 'ws://localhost:3000/_next/webpack-hmr?id=4LjDXvcjP5mD12bdKPOME' failed: Error in connection establishment: net::ERR_CONNECTION_REFUSED @ http://localhost:3000/_next/static/chunks/0v5i_next_dist_client_0ro~sdh._.js:13322
[27914687ms] [ERROR] WebSocket connection to 'ws://localhost:3000/_next/webpack-hmr?id=4LjDXvcjP5mD12bdKPOME' failed: Error in connection establishment: net::ERR_CONNECTION_REFUSED @ http://localhost:3000/_next/static/chunks/0v5i_next_dist_client_0ro~sdh._.js:13322
[27919724ms] [ERROR] WebSocket connection to 'ws://localhost:3000/_next/webpack-hmr?id=4LjDXvcjP5mD12bdKPOME' failed: Error in connection establishment: net::ERR_CONNECTION_REFUSED @ http://localhost:3000/_next/static/chunks/0v5i_next_dist_client_0ro~sdh._.js:13322
[27924886ms] [ERROR] WebSocket connection to 'ws://localhost:3000/_next/webpack-hmr?id=4LjDXvcjP5mD12bdKPOME' failed: Error in connection establishment: net::ERR_CONNECTION_REFUSED @ http://localhost:3000/_next/static/chunks/0v5i_next_dist_client_0ro~sdh._.js:13322
[27930139ms] [ERROR] WebSocket connection to 'ws://localhost:3000/_next/webpack-hmr?id=4LjDXvcjP5mD12bdKPOME' failed: Error in connection establishment: net::ERR_CONNECTION_REFUSED @ http://localhost:3000/_next/static/chunks/0v5i_next_dist_client_0ro~sdh._.js:13322
